.\venv\Scripts\pytest.exe 
: C:\Users\naidu\Desktop\e
nterprise-aiops-langgraph-
platform\venv\Lib\site-pac
kages\pytest_asyncio\plugi
n.py:208: 
PytestDeprecationWarning: 
The configuration option "
asyncio_default_fixture_lo
op_scope" is unset.
At line:1 char:1
+ 
.\venv\Scripts\pytest.exe 
tests/ -v --tb=short 
--color=no > test_fail ...
+ ~~~~~~~~~~~~~~~~~~~~~~~~
~~~~~~~~~~~~~~~~~~~~~~~~~~
~~~~~~~~~~~~~~~~~~~
    + CategoryInfo        
      : NotSpecified: (C  
  :\Users\naidu\...cope   
 " is unset.:String) [    
], RemoteException
    + FullyQualifiedError 
   Id : NativeCommandErr  
  or
 
The event loop scope for 
asynchronous fixtures 
will default to the 
fixture caching scope. 
Future versions of 
pytest-asyncio will 
default the loop scope 
for asynchronous fixtures 
to function scope. Set 
the default fixture loop 
scope explicitly in order 
to avoid unexpected 
behavior in the future. 
Valid fixture loop scopes 
are: "function", "class", 
"module", "package", 
"session"

  warnings.warn(PytestDepr
ecationWarning(_DEFAULT_FI
XTURE_LOOP_SCOPE_UNSET))
============================= test session starts =============================
platform win32 -- Python 3.11.9, pytest-8.3.4, pluggy-1.6.0 -- C:\Users\naidu\Desktop\enterprise-aiops-langgraph-platform\venv\Scripts\python.exe
cachedir: .pytest_cache
rootdir: C:\Users\naidu\Desktop\enterprise-aiops-langgraph-platform
configfile: pytest.ini
plugins: anyio-4.13.0, langsmith-0.7.25, asyncio-0.24.0, cov-6.0.0
asyncio: mode=Mode.AUTO, default_loop_scope=None
collecting ... collected 39 items / 1 error

=================================== ERRORS ====================================
_________________ ERROR collecting tests/unit/test_agents.py __________________
ImportError while importing test module 'C:\Users\naidu\Desktop\enterprise-aiops-langgraph-platform\tests\unit\test_agents.py'.
Hint: make sure your test modules/packages have valid Python names.
Traceback:
venv\Lib\site-packages\_pytest\python.py:493: in importtestmodule
    mod = import_path(
venv\Lib\site-packages\_pytest\pathlib.py:587: in import_path
    importlib.import_module(module_name)
C:\Python311\Lib\importlib\__init__.py:126: in import_module
    return _bootstrap._gcd_import(name[level:], package, level)
<frozen importlib._bootstrap>:1204: in _gcd_import
    ???
<frozen importlib._bootstrap>:1176: in _find_and_load
    ???
<frozen importlib._bootstrap>:1147: in _find_and_load_unlocked
    ???
<frozen importlib._bootstrap>:690: in _load_unlocked
    ???
venv\Lib\site-packages\_pytest\assertion\rewrite.py:184: in exec_module
    exec(co, module.__dict__)
tests\unit\test_agents.py:11: in <module>
    from agents.incident_classifier_agent import incident_classifier_agent
E   ModuleNotFoundError: No module named 'agents.incident_classifier_agent'
=========================== short test summary info ===========================
ERROR tests/unit/test_agents.py
!!!!!!!!!!!!!!!!!!! Interrupted: 1 error during collection !!!!!!!!!!!!!!!!!!!!
============================== 1 error in 0.43s ===============================
