.\venv\Scripts\pytest.exe 
: C:\Users\naidu\Desktop\e
nterprise-aiops-langgraph-
platform\venv\Lib\site-pac
kages\pytest_asyncio\plugi
n.py:208: 
PytestDeprecationWarning: 
The configuration option "
asyncio_default_fixture_lo
op_scope" is unset.
At line:1 char:1
+ 
.\venv\Scripts\pytest.exe 
tests/ -v --tb=short 
--color=no > test_outp ...
+ ~~~~~~~~~~~~~~~~~~~~~~~~
~~~~~~~~~~~~~~~~~~~~~~~~~~
~~~~~~~~~~~~~~~~~~~
    + CategoryInfo        
      : NotSpecified: (C  
  :\Users\naidu\...cope   
 " is unset.:String) [    
], RemoteException
    + FullyQualifiedError 
   Id : NativeCommandErr  
  or
 
The event loop scope for 
asynchronous fixtures 
will default to the 
fixture caching scope. 
Future versions of 
pytest-asyncio will 
default the loop scope 
for asynchronous fixtures 
to function scope. Set 
the default fixture loop 
scope explicitly in order 
to avoid unexpected 
behavior in the future. 
Valid fixture loop scopes 
are: "function", "class", 
"module", "package", 
"session"

  warnings.warn(PytestDepr
ecationWarning(_DEFAULT_FI
XTURE_LOOP_SCOPE_UNSET))
============================= test session starts =============================
platform win32 -- Python 3.11.9, pytest-8.3.4, pluggy-1.6.0 -- C:\Users\naidu\Desktop\enterprise-aiops-langgraph-platform\venv\Scripts\python.exe
cachedir: .pytest_cache
rootdir: C:\Users\naidu\Desktop\enterprise-aiops-langgraph-platform
configfile: pytest.ini
plugins: anyio-4.13.0, langsmith-0.7.25, asyncio-0.24.0, cov-6.0.0
asyncio: mode=Mode.AUTO, default_loop_scope=None
collecting ... collected 53 items

tests/integration/test_workflow.py::TestWorkflowEndToEndStage3::test_repo_bug_identified_and_mapped PASSED [  1%]
tests/integration/test_workflow.py::TestWorkflowEndToEndStage3::test_service_crash_escalates_on_critical_severity PASSED [  3%]
tests/integration/test_workflow.py::TestWorkflowEndToEndStage3::test_high_latency_goes_through_remediation PASSED [  5%]
tests/integration/test_workflow.py::TestWorkflowEndToEndStage3::test_all_failure_types_complete_without_error PASSED [  7%]
tests/integration/test_workflow.py::TestWorkflowEndToEndStage3::test_jira_ticket_contains_rca_and_tests PASSED [  9%]
tests/integration/test_workflow.py::TestWorkflowEndToEndStage3::test_remediation_safety_checks_escalate_low_confidence PASSED [ 11%]
tests/regression/test_incident_service.py::TestIncidentServiceCRUD::test_create_returns_incident PASSED [ 13%]
tests/regression/test_incident_service.py::TestIncidentServiceCRUD::test_get_returns_saved_incident PASSED [ 15%]
tests/regression/test_incident_service.py::TestIncidentServiceCRUD::test_get_nonexistent_returns_none PASSED [ 16%]
tests/regression/test_incident_service.py::TestIncidentServiceCRUD::test_update_modifies_status PASSED [ 18%]
tests/regression/test_incident_service.py::TestIncidentServiceCRUD::test_update_nonexistent_raises PASSED [ 20%]
tests/regression/test_incident_service.py::TestIncidentServiceCRUD::test_delete_removes_incident PASSED [ 22%]
tests/regression/test_incident_service.py::TestIncidentServiceCRUD::test_delete_nonexistent_returns_false PASSED [ 24%]
tests/regression/test_incident_service.py::TestIncidentServiceCRUD::test_list_all_returns_all_incidents PASSED [ 26%]
tests/regression/test_incident_service.py::TestIncidentServiceCRUD::test_list_all_filters_by_status PASSED [ 28%]
tests/regression/test_incident_service.py::TestIncidentServiceCRUD::test_resolve_sets_resolved_at PASSED [ 30%]
tests/regression/test_incident_service.py::TestIncidentServiceCRUD::test_count_returns_correct_number PASSED [ 32%]
tests/unit/test_agents.py::test_analysis_agent <- agents\test_analysis_agent.py ERROR [ 33%]
tests/unit/test_agents.py::TestMonitoringAgent::test_returns_event_detected_true PASSED [ 35%]
tests/unit/test_agents.py::TestMonitoringAgent::test_supports_repo_bug_type PASSED [ 37%]
tests/unit/test_agents.py::TestLogAnalysisAgent::test_returns_log_entries_list PASSED [ 39%]
tests/unit/test_agents.py::TestLogAnalysisAgent::test_repo_bug_produces_import_errors PASSED [ 41%]
tests/unit/test_agents.py::TestRepoInspectionAgent::test_returns_findings_list PASSED [ 43%]
tests/unit/test_agents.py::TestRepoInspectionAgent::test_identifies_broken_import_for_repo_bug PASSED [ 45%]
tests/unit/test_agents.py::TestTestAnalysisAgent::test_returns_results_list PASSED [ 47%]
tests/unit/test_agents.py::TestTestAnalysisAgent::test_detects_test_failure_for_crash PASSED [ 49%]
tests/unit/test_agents.py::TestRootCauseAgent::test_aggregates_into_root_cause_object PASSED [ 50%]
tests/unit/test_agents.py::TestRootCauseAgent::test_confidence_is_high_with_repo_findings FAILED [ 52%]
tests/unit/test_agents.py::TestRemediationAgent::test_escalated_incident_skips_remediation PASSED [ 54%]
tests/unit/test_agents.py::TestRemediationAgent::test_low_confidence_triggers_escalation PASSED [ 56%]
tests/unit/test_agents.py::TestValidationAgent::test_successful_remediation_passes_validation PASSED [ 58%]
tests/unit/test_agents.py::TestJiraReportingAgent::test_creates_ticket_with_correct_status PASSED [ 60%]
tests/unit/test_pipeline_simulator.py::TestPipelineSimulator::test_emit_event_returns_pipeline_event PASSED [ 62%]
tests/unit/test_pipeline_simulator.py::TestPipelineSimulator::test_emit_event_sets_correct_failure_type PASSED [ 64%]
tests/unit/test_pipeline_simulator.py::TestPipelineSimulator::test_emit_event_with_custom_service PASSED [ 66%]
tests/unit/test_pipeline_simulator.py::TestPipelineSimulator::test_all_failure_types_produce_events PASSED [ 67%]
tests/unit/test_pipeline_simulator.py::TestPipelineSimulator::test_failure_rate_1_always_emits PASSED [ 69%]
tests/unit/test_pipeline_simulator.py::TestPipelineSimulator::test_failure_rate_0_never_emits PASSED [ 71%]
tests/unit/test_pipeline_simulator.py::TestPipelineSimulator::test_stream_events_yields_correct_count PASSED [ 73%]
tests/unit/test_pipeline_simulator.py::TestPipelineSimulator::test_event_id_is_unique_per_emission PASSED [ 75%]
tests/unit/test_schemas.py::TestPipelineEvent::test_valid_event PASSED   [ 77%]
tests/unit/test_schemas.py::TestPipelineEvent::test_event_id_auto_generated PASSED [ 79%]
tests/unit/test_schemas.py::TestPipelineEvent::test_json_roundtrip PASSED [ 81%]
tests/unit/test_schemas.py::TestRCAFinding::test_confidence_must_be_between_0_and_1 PASSED [ 83%]
tests/unit/test_schemas.py::TestRCAFinding::test_valid_finding PASSED    [ 84%]
tests/unit/test_schemas.py::TestRemediationStep::test_priority_must_be_1_to_5 PASSED [ 86%]
tests/unit/test_schemas.py::TestRemediationStep::test_duration_must_be_at_least_1 PASSED [ 88%]
tests/unit/test_schemas.py::TestRemediationStep::test_valid_step PASSED  [ 90%]
tests/unit/test_schemas.py::TestIncident::test_incident_id_auto_generated PASSED [ 92%]
tests/unit/test_schemas.py::TestIncident::test_is_resolved_property PASSED [ 94%]
tests/unit/test_schemas.py::TestIncident::test_duration_seconds_none_when_not_resolved PASSED [ 96%]
tests/unit/test_schemas.py::TestJiraTicket::test_ticket_id_auto_generated PASSED [ 98%]
tests/unit/test_schemas.py::TestJiraTicket::test_json_roundtrip PASSED   [100%]

=================================== ERRORS ====================================
____________________ ERROR at setup of test_analysis_agent ____________________
file C:\Users\naidu\Desktop\enterprise-aiops-langgraph-platform\agents\test_analysis_agent.py, line 21
  def test_analysis_agent(state: AIOpsWorkflowState) -> dict[str, Any]:
E       fixture 'state' not found
>       available fixtures: _session_event_loop, all_failure_types, anyio_backend, anyio_backend_name, anyio_backend_options, cache, capfd, capfdbinary, caplog, capsys, capsysbinary, cov, doctest_namespace, event_loop, event_loop_policy, free_tcp_port, free_tcp_port_factory, free_udp_port, free_udp_port_factory, incident_service, monkeypatch, no_cover, pipeline_simulator, pytestconfig, record_property, record_testsuite_property, record_xml_attribute, recwarn, sample_initial_state, sample_pipeline_event, temp_storage_dir, tests/unit/test_agents.py::<event_loop>, tests/unit::<event_loop>, tmp_path, tmp_path_factory, tmpdir, tmpdir_factory, unused_tcp_port, unused_tcp_port_factory, unused_udp_port, unused_udp_port_factory
>       use 'pytest --fixtures [testpath]' for help on them.

C:\Users\naidu\Desktop\enterprise-aiops-langgraph-platform\agents\test_analysis_agent.py:21
================================== FAILURES ===================================
________ TestRootCauseAgent.test_confidence_is_high_with_repo_findings ________
tests\unit\test_agents.py:78: in test_confidence_is_high_with_repo_findings
    result = root_cause_agent(state)
agents\root_cause_agent.py:50: in root_cause_agent
    suggested_fix = f"Fix issue in {first_finding['file_path']}."
E   KeyError: 'file_path'
=========================== short test summary info ===========================
FAILED tests/unit/test_agents.py::TestRootCauseAgent::test_confidence_is_high_with_repo_findings - KeyError: 'file_path'
ERROR tests/unit/test_agents.py::test_analysis_agent
==================== 1 failed, 51 passed, 1 error in 1.02s ====================
